./tests/test_signed_files.c
./tests/test_merkle.c
./logger_helper.c
./files.c
./system.c
./signed_files.c
./memset_safe.c
./merkle.c
./handles/socket.c
./hash_indexed_map.c
./containers/tests/test_map.c
./containers/tests/test_set.c
./containers/bitset.c
./containers/lists/concurrent_list_trit_array.c
./containers/lists/test/test_concurrent_list.c
./containers/queues/concurrent_queue_trit_array.c
./containers/queues/test/test_concurrent_queue.c
./containers/hash/tests/test_hash_stack.c
./containers/hash/tests/test_hash_map.c
./containers/hash/tests/test_hash_queue.c
./containers/hash/tests/test_hash_array.c
./containers/hash/hash_array.c
./time.c
./hash_indexed_map.h
./merkle.h
./memset_safe.h
./files.h
./forced_inline.h
./export.h
./handles/rw_lock.h
./handles/cond.h
./handles/socket.h
./handles/lock.h
./handles/signal.h
./handles/thread.h
./handles/rand.h
./macros.h
./time.h
./signed_files.h
./containers/bitset.h
./containers/person_example.h
./containers/lists/concurrent_list_trit_array.h
./containers/queues/concurrent_queue_trit_array.h
./containers/hash/tests/defs.h
./containers/hash/hash_array.h
./logger_helper.h
./system.h
